[web.cs.ucla.edu/classes/fall17/cs31/index.html]
[backblue.gif]
[fade.gif]
[index.html]
[web.cs.ucla.edu/classes/fall17/cs31/favicon.ico]
[web.cs.ucla.edu/classes/fall17/cs31/contents.html]
[web.cs.ucla.edu/classes/fall17/cs31/announcements.html]
[web.cs.ucla.edu/classes/fall17/cs31/index.html]
[web.cs.ucla.edu/classes/fall17/cs31/syllabus.html]
[web.cs.ucla.edu/classes/fall17/cs31/officehours.html]
[web.cs.ucla.edu/classes/fall17/cs31/requirements.html]
[web.cs.ucla.edu/classes/fall17/cs31/integrity.html]
[web.cs.ucla.edu/classes/fall17/cs31/Docs/agreement.pdf]
[web.cs.ucla.edu/classes/fall17/cs31/Codeexamples/index.html]
[web.cs.ucla.edu/classes/fall17/cs31/talinks.html]
[web.cs.ucla.edu/classes/fall17/cs31/Worksheets/index.html]
[web.cs.ucla.edu/classes/fall17/cs31/l1/index.html]
[web.cs.ucla.edu/classes/fall17/cs31/Submit/submissionc983.html]
[web.cs.ucla.edu/classes/fall17/cs31/Projects/6/spec.html]
[web.cs.ucla.edu/classes/fall17/cs31/Projects/5/soln.cpp]
[web.cs.ucla.edu/classes/fall17/cs31/Projects/5/spec.html]
[web.cs.ucla.edu/classes/fall17/cs31/Projects/5/faq.html]
[web.cs.ucla.edu/classes/fall17/cs31/Projects/4/testing.html]
[web.cs.ucla.edu/classes/fall17/cs31/Projects/4/soln.cpp]
[web.cs.ucla.edu/classes/fall17/cs31/Projects/4/spec.html]
[web.cs.ucla.edu/classes/fall17/cs31/Projects/4/faq.html]
[web.cs.ucla.edu/classes/fall17/cs31/Projects/3/testing.html]
[web.cs.ucla.edu/classes/fall17/cs31/Projects/3/soln.cpp]
[web.cs.ucla.edu/classes/fall17/cs31/Projects/3/spec.html]
[web.cs.ucla.edu/classes/fall17/cs31/Projects/3/faq.html]
[web.cs.ucla.edu/classes/fall17/cs31/Projects/2/testing.html]
[web.cs.ucla.edu/classes/fall17/cs31/Projects/2/soln.cpp]
[web.cs.ucla.edu/classes/fall17/cs31/Projects/2/hwsoln.html]
[web.cs.ucla.edu/classes/fall17/cs31/Projects/2/spec.html]
[web.cs.ucla.edu/classes/fall17/cs31/Projects/2/faq.html]
[web.cs.ucla.edu/classes/fall17/cs31/Projects/1/spec.html]
[web.cs.ucla.edu/classes/fall17/cs31/visualcpp.html]
[web.cs.ucla.edu/classes/fall17/cs31/xcode.html]
[web.cs.ucla.edu/classes/fall17/cs31/linux.html]
[web.cs.ucla.edu/classes/fall17/cs31/strings.html]
[web.cs.ucla.edu/classes/fall17/cs31/morestrings.html]
[web.cs.ucla.edu/classes/fall17/cs31/pseudocode.html]
[web.cs.ucla.edu/classes/fall17/cs31/debuggertalk.pdf]
[web.cs.ucla.edu/classes/fall17/cs31/contents.html]
[web.cs.ucla.edu/classes/fall17/cs31/Sampleproblems/ChangMidterm2.pdf]
[web.cs.ucla.edu/classes/fall17/cs31/Sampleproblems/ChangMidterm2Solution.pdf]
[web.cs.ucla.edu/classes/fall17/cs31/collectexam9023.html]
[web.cs.ucla.edu/classes/fall17/cs31/Projects/3/stringexample.html]
[web.cs.ucla.edu/classes/fall17/cs31/Projects/3/charsandints.html]
[web.cs.ucla.edu/classes/fall17/cs31/Sampleproblems/ChangMidterm1.pdf]
[web.cs.ucla.edu/classes/fall17/cs31/Sampleproblems/ChangMidterm1Solution.pdf]
[web.cs.ucla.edu/classes/fall17/cs31/collectexam17a2.html]
[web.cs.ucla.edu/classes/fall17/cs31/bitofstrings.html]
[web.cs.ucla.edu/classes/fall17/cs31/Projects/3/funcpractice.html]
[web.cs.ucla.edu/classes/fall17/cs31/Worksheets/01ifloops.pdf]
[web.cs.ucla.edu/classes/fall17/cs31/recordings.html]
[web.cs.ucla.edu/classes/fall17/cs31/experiencesurvey.html]
[web.cs.ucla.edu/classes/fall17/cs31/announcements.html]
[web.cs.ucla.edu/classes/fall17/cs31/syllabus.html]
[web.cs.ucla.edu/classes/fall17/cs31/cs97.html]
[web.cs.ucla.edu/classes/fall17/cs31/officehours.html]
[web.cs.ucla.edu/classes/fall17/cs31/requirements.html]
[web.cs.ucla.edu/classes/fall17/cs31/integrity.html]
[web.cs.ucla.edu/classes/fall17/cs31/l1/index-2.html]
[web.cs.ucla.edu/classes/fall17/cs31/l2/index.html]
[web.cs.ucla.edu/classes/fall17/cs31/Codeexamples/sirrobin.txt]
[web.cs.ucla.edu/classes/fall17/cs31/Codeexamples/withholding.txt]
[web.cs.ucla.edu/classes/fall17/cs31/Codeexamples/phonenumber.txt]
[web.cs.ucla.edu/classes/fall17/cs31/Codeexamples/arrays.txt]
[web.cs.ucla.edu/classes/fall17/cs31/Codeexamples/cstring.txt]
[web.cs.ucla.edu/classes/fall17/cs31/Codeexamples/target.txt]
[web.cs.ucla.edu/classes/fall17/cs31/Codeexamples/index.html]
[web.cs.ucla.edu/classes/fall17/cs31/talinks.html]
[web.cs.ucla.edu/classes/fall17/cs31/Worksheets/01soln.pdf]
[web.cs.ucla.edu/classes/fall17/cs31/Worksheets/02loopsfuncs.pdf]
[web.cs.ucla.edu/classes/fall17/cs31/Worksheets/02soln.pdf]
[web.cs.ucla.edu/classes/fall17/cs31/Worksheets/03arrays.pdf]
[web.cs.ucla.edu/classes/fall17/cs31/Worksheets/03soln.pdf]
[web.cs.ucla.edu/classes/fall17/cs31/Worksheets/04cstrings.pdf]
[web.cs.ucla.edu/classes/fall17/cs31/Worksheets/04soln.pdf]
[web.cs.ucla.edu/classes/fall17/cs31/Worksheets/05pointers.pdf]
[web.cs.ucla.edu/classes/fall17/cs31/Worksheets/index.html]
[web.cs.ucla.edu/classes/fall17/cs31/index-2.html]
[web.cs.ucla.edu/classes/fall17/cs31/l1/index.html]
[web.cs.ucla.edu/classes/fall17/cs31/Submit/submissionc983.html]
[web.cs.ucla.edu/classes/fall17/cs31/Projects/6/spec.html]
[web.cs.ucla.edu/classes/fall17/cs31/Projects/5/utilities.h]
[web.cs.ucla.edu/classes/fall17/cs31/Projects/5/utilities.cpp]
[web.cs.ucla.edu/classes/fall17/cs31/Projects/5/smallwords.txt]
[web.cs.ucla.edu/classes/fall17/cs31/Projects/5/words.txt]
[web.cs.ucla.edu/classes/fall17/cs31/Projects/5/spec.html]
[web.cs.ucla.edu/classes/fall17/cs31/Projects/5/faq.html]
[web.cs.ucla.edu/classes/fall17/cs31/Projects/4/testing.html]
[web.cs.ucla.edu/classes/fall17/cs31/Projects/4/spec.html]
[web.cs.ucla.edu/classes/fall17/cs31/Projects/4/faq.html]
[web.cs.ucla.edu/classes/fall17/cs31/Projects/3/testing.html]
[web.cs.ucla.edu/classes/fall17/cs31/Projects/3/spec.html]
[web.cs.ucla.edu/classes/fall17/cs31/Projects/3/faq.html]
[web.cs.ucla.edu/classes/fall17/cs31/Projects/3/encodeNote.txt]
[web.cs.ucla.edu/classes/fall17/cs31/Projects/2/testing.html]
[web.cs.ucla.edu/classes/fall17/cs31/Projects/2/hwsoln.html]
[web.cs.ucla.edu/classes/fall17/cs31/Projects/2/calc.html]
[web.cs.ucla.edu/classes/fall17/cs31/Projects/2/spec.html]
[web.cs.ucla.edu/classes/fall17/cs31/Projects/2/faq.html]
[web.cs.ucla.edu/classes/fall17/cs31/Projects/2/hw.html]
[web.cs.ucla.edu/classes/fall17/cs31/filenameext.html]
[web.cs.ucla.edu/classes/fall17/cs31/Projects/1/spec.html]
[web.cs.ucla.edu/classes/fall17/cs31/Images/vsstart.png]
[web.cs.ucla.edu/classes/fall17/cs31/Images/vsnewproj.png]
[web.cs.ucla.edu/classes/fall17/cs31/Images/vsprojprop.png]
[web.cs.ucla.edu/classes/fall17/cs31/Images/vsadditem.png]
[web.cs.ucla.edu/classes/fall17/cs31/visualcpp.html]
[web.cs.ucla.edu/classes/fall17/cs31/xcode.html]
[web.cs.ucla.edu/classes/fall17/cs31/linux.html]
[web.cs.ucla.edu/classes/fall17/cs31/strings.html]
[web.cs.ucla.edu/classes/fall17/cs31/morestrings.html]
[web.cs.ucla.edu/classes/fall17/cs31/pseudocode.html]
[web.cs.ucla.edu/classes/fall17/cs31/collectexam9023.html]
[web.cs.ucla.edu/classes/fall17/cs31/Projects/3/stringexample.html]
[web.cs.ucla.edu/classes/fall17/cs31/Projects/3/charsandints.html]
[web.cs.ucla.edu/classes/fall17/cs31/collectexam17a2.html]
[web.cs.ucla.edu/classes/fall17/cs31/bitofstrings.html]
[web.cs.ucla.edu/classes/fall17/cs31/Projects/3/funcpractice.html]
[web.cs.ucla.edu/classes/fall17/cs31/recordings.html]
[web.cs.ucla.edu/classes/fall17/cs31/experiencesurvey.html]
[web.cs.ucla.edu/classes/fall17/cs31/cs97.html]
[web.cs.ucla.edu/classes/fall17/cs31/l1/index-2.html]
[web.cs.ucla.edu/classes/fall17/cs31/l2/index.html]
[web.cs.ucla.edu/classes/fall17/cs31/index-2.html]
[web.cs.ucla.edu/classes/fall17/cs31/Projects/5/linux.html]
[web.cs.ucla.edu/classes/fall17/cs31/Projects/2/calc.html]
[web.cs.ucla.edu/classes/fall17/cs31/Projects/2/hw.html]
[web.cs.ucla.edu/classes/fall17/cs31/Images/cc-250.png]
[web.cs.ucla.edu/classes/fall17/cs31/filenameext.html]
[web.cs.ucla.edu/classes/fall17/cs31/Images/cpp.png]
